cow-sdk public API snapshot: default features
modules:
- app_data
- contracts
- core
- orderbook
- prelude
- signing
- trading
root exports:
- Address
- Amount
- AppCode
- AppCodeError
- ErrorClass
- TradingHelpers
- HttpTransport
- NoopEip1271VerificationCache
- OrderbookApi
- OrderUid
- RegistryError
- SdkError
- Signature
- SupportedChainId
- TradeParameters
- TraderParameters
- Trading
- TradingBuilder
- TradingOptions
- TransportError
- TransportErrorClass
feature-gated exports absent:
- browser_wallet
- BrowserWalletSigner
- InMemoryEip1271VerificationCache
