cow-sdk public API snapshot: default features
modules:
- app_data
- contracts
- core
- orderbook
- signing
- trading
root exports:
- ErrorClass
- HttpTransport
- NoopEip1271VerificationCache
- RegistryError
- CowError
- TransportError
- TransportErrorClass
feature-gated exports absent:
- browser_wallet
- subgraph
- InMemoryEip1271VerificationCache
